// Jest Snapshot v1, https://goo.gl/fbAQLP

exports[`<Source /> spec renders Source Header correctly 1`] = `
{
  "asFragment": [Function],
  "baseElement": .emotion-0 {
  -webkit-user-select: none;
  -moz-user-select: none;
  -ms-user-select: none;
  user-select: none;
  width: 1em;
  height: 1em;
  display: inline-block;
  fill: currentColor;
  -webkit-flex-shrink: 0;
  -ms-flex-negative: 0;
  flex-shrink: 0;
  -webkit-transition: fill 200ms cubic-bezier(0.4, 0, 0.2, 1) 0ms;
  transition: fill 200ms cubic-bezier(0.4, 0, 0.2, 1) 0ms;
  font-size: 1.5rem;
  font-size: 24px;
  margin-left: 10px;
  margin-right: 10px;
  font-family: Montserrat;
}

.emotion-1 {
  -webkit-user-select: none;
  -moz-user-select: none;
  -ms-user-select: none;
  user-select: none;
  width: 1em;
  height: 1em;
  display: inline-block;
  fill: currentColor;
  -webkit-flex-shrink: 0;
  -ms-flex-negative: 0;
  flex-shrink: 0;
  -webkit-transition: fill 200ms cubic-bezier(0.4, 0, 0.2, 1) 0ms;
  transition: fill 200ms cubic-bezier(0.4, 0, 0.2, 1) 0ms;
  font-size: 2.1875rem;
  -webkit-class-name: wttbuttons__icon;
  class-name: wttbuttons__icon;
  padding-right: 0.5rem;
}

<body>
    <div>
      <div
        class="listgridheader"
      >
        <div
          class="listgridheader-title"
        >
          <h2>
            Sources
          </h2>
          <h5>
            Add, edit, and delete sources
          </h5>
          <div
            class="listgridheader-search"
          >
            <div
              class="searchbar"
              style="border-radius: .3vw; font-size: large;"
            >
              <label
                for="searchbar"
              >
                <svg
                  aria-hidden="true"
                  class="MuiSvgIcon-root MuiSvgIcon-fontSizeMedium emotion-0"
                  data-testid="SearchIcon"
                  focusable="false"
                  viewBox="0 0 24 24"
                >
                  <path
                    d="M15.5 14h-.79l-.28-.27C15.41 12.59 16 11.11 16 9.5 16 5.91 13.09 3 9.5 3S3 5.91 3 9.5 5.91 16 9.5 16c1.61 0 3.09-.59 4.23-1.57l.27.28v.79l5 4.99L20.49 19l-4.99-5zm-6 0C7.01 14 5 11.99 5 9.5S7.01 5 9.5 5 14 7.01 14 9.5 11.99 14 9.5 14z"
                  />
                </svg>
              </label>
              <input
                class="searchbar__input"
                id="searchbar"
                placeholder="Search Sources"
                style="border-radius: .3vw; width: 100%;"
                value="test"
              />
            </div>
          </div>
        </div>
        <div
          class="listgridheader-content"
        >
          <div
            class="listgridheader-content-item"
          >
            <button
              class="wttbuttons__black"
            >
              <svg
                aria-hidden="true"
                aria-label="Download CSV"
                class="MuiSvgIcon-root MuiSvgIcon-colorGray MuiSvgIcon-fontSizeLarge emotion-1"
                data-testid="LinkIcon"
                focusable="false"
                viewBox="0 0 24 24"
              >
                <path
                  d="M3.9 12c0-1.71 1.39-3.1 3.1-3.1h4V7H7c-2.76 0-5 2.24-5 5s2.24 5 5 5h4v-1.9H7c-1.71 0-3.1-1.39-3.1-3.1zM8 13h8v-2H8v2zm9-6h-4v1.9h4c1.71 0 3.1 1.39 3.1 3.1s-1.39 3.1-3.1 3.1h-4V17h4c2.76 0 5-2.24 5-5s-2.24-5-5-5z"
                />
              </svg>
              Link Source
            </button>
          </div>
        </div>
      </div>
    </div>
  </body>,
  "container": .emotion-0 {
  -webkit-user-select: none;
  -moz-user-select: none;
  -ms-user-select: none;
  user-select: none;
  width: 1em;
  height: 1em;
  display: inline-block;
  fill: currentColor;
  -webkit-flex-shrink: 0;
  -ms-flex-negative: 0;
  flex-shrink: 0;
  -webkit-transition: fill 200ms cubic-bezier(0.4, 0, 0.2, 1) 0ms;
  transition: fill 200ms cubic-bezier(0.4, 0, 0.2, 1) 0ms;
  font-size: 1.5rem;
  font-size: 24px;
  margin-left: 10px;
  margin-right: 10px;
  font-family: Montserrat;
}

.emotion-1 {
  -webkit-user-select: none;
  -moz-user-select: none;
  -ms-user-select: none;
  user-select: none;
  width: 1em;
  height: 1em;
  display: inline-block;
  fill: currentColor;
  -webkit-flex-shrink: 0;
  -ms-flex-negative: 0;
  flex-shrink: 0;
  -webkit-transition: fill 200ms cubic-bezier(0.4, 0, 0.2, 1) 0ms;
  transition: fill 200ms cubic-bezier(0.4, 0, 0.2, 1) 0ms;
  font-size: 2.1875rem;
  -webkit-class-name: wttbuttons__icon;
  class-name: wttbuttons__icon;
  padding-right: 0.5rem;
}

<div>
    <div
      class="listgridheader"
    >
      <div
        class="listgridheader-title"
      >
        <h2>
          Sources
        </h2>
        <h5>
          Add, edit, and delete sources
        </h5>
        <div
          class="listgridheader-search"
        >
          <div
            class="searchbar"
            style="border-radius: .3vw; font-size: large;"
          >
            <label
              for="searchbar"
            >
              <svg
                aria-hidden="true"
                class="MuiSvgIcon-root MuiSvgIcon-fontSizeMedium emotion-0"
                data-testid="SearchIcon"
                focusable="false"
                viewBox="0 0 24 24"
              >
                <path
                  d="M15.5 14h-.79l-.28-.27C15.41 12.59 16 11.11 16 9.5 16 5.91 13.09 3 9.5 3S3 5.91 3 9.5 5.91 16 9.5 16c1.61 0 3.09-.59 4.23-1.57l.27.28v.79l5 4.99L20.49 19l-4.99-5zm-6 0C7.01 14 5 11.99 5 9.5S7.01 5 9.5 5 14 7.01 14 9.5 11.99 14 9.5 14z"
                />
              </svg>
            </label>
            <input
              class="searchbar__input"
              id="searchbar"
              placeholder="Search Sources"
              style="border-radius: .3vw; width: 100%;"
              value="test"
            />
          </div>
        </div>
      </div>
      <div
        class="listgridheader-content"
      >
        <div
          class="listgridheader-content-item"
        >
          <button
            class="wttbuttons__black"
          >
            <svg
              aria-hidden="true"
              aria-label="Download CSV"
              class="MuiSvgIcon-root MuiSvgIcon-colorGray MuiSvgIcon-fontSizeLarge emotion-1"
              data-testid="LinkIcon"
              focusable="false"
              viewBox="0 0 24 24"
            >
              <path
                d="M3.9 12c0-1.71 1.39-3.1 3.1-3.1h4V7H7c-2.76 0-5 2.24-5 5s2.24 5 5 5h4v-1.9H7c-1.71 0-3.1-1.39-3.1-3.1zM8 13h8v-2H8v2zm9-6h-4v1.9h4c1.71 0 3.1 1.39 3.1 3.1s-1.39 3.1-3.1 3.1h-4V17h4c2.76 0 5-2.24 5-5s-2.24-5-5-5z"
              />
            </svg>
            Link Source
          </button>
        </div>
      </div>
    </div>
  </div>,
  "debug": [Function],
  "findAllByAltText": [Function],
  "findAllByDisplayValue": [Function],
  "findAllByLabelText": [Function],
  "findAllByPlaceholderText": [Function],
  "findAllByRole": [Function],
  "findAllByTestId": [Function],
  "findAllByText": [Function],
  "findAllByTitle": [Function],
  "findByAltText": [Function],
  "findByDisplayValue": [Function],
  "findByLabelText": [Function],
  "findByPlaceholderText": [Function],
  "findByRole": [Function],
  "findByTestId": [Function],
  "findByText": [Function],
  "findByTitle": [Function],
  "getAllByAltText": [Function],
  "getAllByDisplayValue": [Function],
  "getAllByLabelText": [Function],
  "getAllByPlaceholderText": [Function],
  "getAllByRole": [Function],
  "getAllByTestId": [Function],
  "getAllByText": [Function],
  "getAllByTitle": [Function],
  "getByAltText": [Function],
  "getByDisplayValue": [Function],
  "getByLabelText": [Function],
  "getByPlaceholderText": [Function],
  "getByRole": [Function],
  "getByTestId": [Function],
  "getByText": [Function],
  "getByTitle": [Function],
  "queryAllByAltText": [Function],
  "queryAllByDisplayValue": [Function],
  "queryAllByLabelText": [Function],
  "queryAllByPlaceholderText": [Function],
  "queryAllByRole": [Function],
  "queryAllByTestId": [Function],
  "queryAllByText": [Function],
  "queryAllByTitle": [Function],
  "queryByAltText": [Function],
  "queryByDisplayValue": [Function],
  "queryByLabelText": [Function],
  "queryByPlaceholderText": [Function],
  "queryByRole": [Function],
  "queryByTestId": [Function],
  "queryByText": [Function],
  "queryByTitle": [Function],
  "rerender": [Function],
  "unmount": [Function],
}
`;
