// Jest Snapshot v1, https://goo.gl/fbAQLP

exports[`<TreeListCheckboxes /> spec renders TreeListCheckboxes correctly 1`] = `
{
  "asFragment": [Function],
  "baseElement": <body>
    <div>
      <div
        class="treelistfilters"
      >
        <div
          class="treelistfilters__filter"
        >
          <h3
            class="treelistfilters__filter-title"
          >
            Height
            :
          </h3>
          <div
            class="treelistfilters__filter-item"
          >
            <label
              class="treelistfilters__filter-item-label"
            >
              <input
                class="treelistfilters__filter-item-checkbox"
                name="small"
                type="checkbox"
              />
              small
            </label>
            <label
              class="treelistfilters__filter-item-label"
            >
              <input
                checked=""
                class="treelistfilters__filter-item-checkbox"
                name="medium"
                type="checkbox"
              />
              medium
            </label>
            <label
              class="treelistfilters__filter-item-label"
            >
              <input
                class="treelistfilters__filter-item-checkbox"
                name="large"
                type="checkbox"
              />
              large
            </label>
          </div>
        </div>
        <div
          class="treelistfilters__filter"
        >
          <h3
            class="treelistfilters__filter-title"
          >
            Type
            :
          </h3>
          <div
            class="treelistfilters__filter-item"
          >
            <label
              class="treelistfilters__filter-item-label"
            >
              <input
                checked=""
                class="treelistfilters__filter-item-checkbox"
                name="evergreen"
                type="checkbox"
              />
              evergreen
            </label>
            <label
              class="treelistfilters__filter-item-label"
            >
              <input
                class="treelistfilters__filter-item-checkbox"
                name="deciduous"
                type="checkbox"
              />
              deciduous
            </label>
          </div>
        </div>
      </div>
    </div>
  </body>,
  "container": <div>
    <div
      class="treelistfilters"
    >
      <div
        class="treelistfilters__filter"
      >
        <h3
          class="treelistfilters__filter-title"
        >
          Height
          :
        </h3>
        <div
          class="treelistfilters__filter-item"
        >
          <label
            class="treelistfilters__filter-item-label"
          >
            <input
              class="treelistfilters__filter-item-checkbox"
              name="small"
              type="checkbox"
            />
            small
          </label>
          <label
            class="treelistfilters__filter-item-label"
          >
            <input
              checked=""
              class="treelistfilters__filter-item-checkbox"
              name="medium"
              type="checkbox"
            />
            medium
          </label>
          <label
            class="treelistfilters__filter-item-label"
          >
            <input
              class="treelistfilters__filter-item-checkbox"
              name="large"
              type="checkbox"
            />
            large
          </label>
        </div>
      </div>
      <div
        class="treelistfilters__filter"
      >
        <h3
          class="treelistfilters__filter-title"
        >
          Type
          :
        </h3>
        <div
          class="treelistfilters__filter-item"
        >
          <label
            class="treelistfilters__filter-item-label"
          >
            <input
              checked=""
              class="treelistfilters__filter-item-checkbox"
              name="evergreen"
              type="checkbox"
            />
            evergreen
          </label>
          <label
            class="treelistfilters__filter-item-label"
          >
            <input
              class="treelistfilters__filter-item-checkbox"
              name="deciduous"
              type="checkbox"
            />
            deciduous
          </label>
        </div>
      </div>
    </div>
  </div>,
  "debug": [Function],
  "findAllByAltText": [Function],
  "findAllByDisplayValue": [Function],
  "findAllByLabelText": [Function],
  "findAllByPlaceholderText": [Function],
  "findAllByRole": [Function],
  "findAllByTestId": [Function],
  "findAllByText": [Function],
  "findAllByTitle": [Function],
  "findByAltText": [Function],
  "findByDisplayValue": [Function],
  "findByLabelText": [Function],
  "findByPlaceholderText": [Function],
  "findByRole": [Function],
  "findByTestId": [Function],
  "findByText": [Function],
  "findByTitle": [Function],
  "getAllByAltText": [Function],
  "getAllByDisplayValue": [Function],
  "getAllByLabelText": [Function],
  "getAllByPlaceholderText": [Function],
  "getAllByRole": [Function],
  "getAllByTestId": [Function],
  "getAllByText": [Function],
  "getAllByTitle": [Function],
  "getByAltText": [Function],
  "getByDisplayValue": [Function],
  "getByLabelText": [Function],
  "getByPlaceholderText": [Function],
  "getByRole": [Function],
  "getByTestId": [Function],
  "getByText": [Function],
  "getByTitle": [Function],
  "queryAllByAltText": [Function],
  "queryAllByDisplayValue": [Function],
  "queryAllByLabelText": [Function],
  "queryAllByPlaceholderText": [Function],
  "queryAllByRole": [Function],
  "queryAllByTestId": [Function],
  "queryAllByText": [Function],
  "queryAllByTitle": [Function],
  "queryByAltText": [Function],
  "queryByDisplayValue": [Function],
  "queryByLabelText": [Function],
  "queryByPlaceholderText": [Function],
  "queryByRole": [Function],
  "queryByTestId": [Function],
  "queryByText": [Function],
  "queryByTitle": [Function],
  "rerender": [Function],
  "unmount": [Function],
}
`;
