// Jest Snapshot v1, https://goo.gl/fbAQLP

exports[`<TreeListHeader/> spec renders TreeListHeader correctly 1`] = `
{
  "asFragment": [Function],
  "baseElement": .emotion-0 {
  display: -webkit-inline-box;
  display: -webkit-inline-flex;
  display: -ms-inline-flexbox;
  display: inline-flex;
  -webkit-flex-direction: column;
  -ms-flex-direction: column;
  flex-direction: column;
  position: relative;
  min-width: 0;
  padding: 0;
  margin: 0;
  border: 0;
  vertical-align: top;
}

.emotion-1 {
  -webkit-user-select: none;
  -moz-user-select: none;
  -ms-user-select: none;
  user-select: none;
  width: 1em;
  height: 1em;
  display: inline-block;
  fill: currentColor;
  -webkit-flex-shrink: 0;
  -ms-flex-negative: 0;
  flex-shrink: 0;
  -webkit-transition: fill 200ms cubic-bezier(0.4, 0, 0.2, 1) 0ms;
  transition: fill 200ms cubic-bezier(0.4, 0, 0.2, 1) 0ms;
  font-size: 1.5rem;
  font-size: 24px;
  margin-left: 10px;
  margin-right: 10px;
  font-family: Montserrat;
}

.emotion-2 {
  font-family: "Roboto","Helvetica","Arial",sans-serif;
  font-weight: 400;
  font-size: 1rem;
  line-height: 1.4375em;
  letter-spacing: 0.00938em;
  color: rgba(0, 0, 0, 0.87);
  box-sizing: border-box;
  position: relative;
  cursor: text;
  display: -webkit-inline-box;
  display: -webkit-inline-flex;
  display: -ms-inline-flexbox;
  display: inline-flex;
  -webkit-align-items: center;
  -webkit-box-align: center;
  -ms-flex-align: center;
  align-items: center;
  position: relative;
  border-radius: 4px;
}

.emotion-2.Mui-disabled {
  color: rgba(0, 0, 0, 0.38);
  cursor: default;
}

.emotion-2:hover .MuiOutlinedInput-notchedOutline {
  border-color: rgba(0, 0, 0, 0.87);
}

@media (hover: none) {
  .emotion-2:hover .MuiOutlinedInput-notchedOutline {
    border-color: rgba(0, 0, 0, 0.23);
  }
}

.emotion-2.Mui-focused .MuiOutlinedInput-notchedOutline {
  border-color: #1976d2;
  border-width: 2px;
}

.emotion-2.Mui-error .MuiOutlinedInput-notchedOutline {
  border-color: #d32f2f;
}

.emotion-2.Mui-disabled .MuiOutlinedInput-notchedOutline {
  border-color: rgba(0, 0, 0, 0.26);
}

.emotion-3 {
  -moz-appearance: none;
  -webkit-appearance: none;
  -webkit-user-select: none;
  -moz-user-select: none;
  -ms-user-select: none;
  user-select: none;
  border-radius: 4px;
  cursor: pointer;
  font: inherit;
  letter-spacing: inherit;
  color: currentColor;
  padding: 4px 0 5px;
  border: 0;
  box-sizing: content-box;
  background: none;
  height: 1.4375em;
  margin: 0;
  -webkit-tap-highlight-color: transparent;
  display: block;
  min-width: 0;
  width: 100%;
  -webkit-animation-name: mui-auto-fill-cancel;
  animation-name: mui-auto-fill-cancel;
  -webkit-animation-duration: 10ms;
  animation-duration: 10ms;
  padding-top: 1px;
  padding: 8.5px 14px;
}

.emotion-3:focus {
  border-radius: 4px;
}

.emotion-3::-ms-expand {
  display: none;
}

.emotion-3.Mui-disabled {
  cursor: default;
}

.emotion-3[multiple] {
  height: auto;
}

.emotion-3:not([multiple]) option,
.emotion-3:not([multiple]) optgroup {
  background-color: #fff;
}

.emotion-3.emotion-3.emotion-3 {
  padding-right: 32px;
}

.emotion-3.MuiSelect-select {
  height: auto;
  min-height: 1.4375em;
  text-overflow: ellipsis;
  white-space: nowrap;
  overflow: hidden;
}

.emotion-3::-webkit-input-placeholder {
  color: currentColor;
  opacity: 0.42;
  -webkit-transition: opacity 200ms cubic-bezier(0.4, 0, 0.2, 1) 0ms;
  transition: opacity 200ms cubic-bezier(0.4, 0, 0.2, 1) 0ms;
}

.emotion-3::-moz-placeholder {
  color: currentColor;
  opacity: 0.42;
  -webkit-transition: opacity 200ms cubic-bezier(0.4, 0, 0.2, 1) 0ms;
  transition: opacity 200ms cubic-bezier(0.4, 0, 0.2, 1) 0ms;
}

.emotion-3:-ms-input-placeholder {
  color: currentColor;
  opacity: 0.42;
  -webkit-transition: opacity 200ms cubic-bezier(0.4, 0, 0.2, 1) 0ms;
  transition: opacity 200ms cubic-bezier(0.4, 0, 0.2, 1) 0ms;
}

.emotion-3::-ms-input-placeholder {
  color: currentColor;
  opacity: 0.42;
  -webkit-transition: opacity 200ms cubic-bezier(0.4, 0, 0.2, 1) 0ms;
  transition: opacity 200ms cubic-bezier(0.4, 0, 0.2, 1) 0ms;
}

.emotion-3:focus {
  outline: 0;
}

.emotion-3:invalid {
  box-shadow: none;
}

.emotion-3::-webkit-search-decoration {
  -webkit-appearance: none;
}

label[data-shrink=false]+.MuiInputBase-formControl .emotion-3::-webkit-input-placeholder {
  opacity: 0!important;
}

label[data-shrink=false]+.MuiInputBase-formControl .emotion-3::-moz-placeholder {
  opacity: 0!important;
}

label[data-shrink=false]+.MuiInputBase-formControl .emotion-3:-ms-input-placeholder {
  opacity: 0!important;
}

label[data-shrink=false]+.MuiInputBase-formControl .emotion-3::-ms-input-placeholder {
  opacity: 0!important;
}

label[data-shrink=false]+.MuiInputBase-formControl .emotion-3:focus::-webkit-input-placeholder {
  opacity: 0.42;
}

label[data-shrink=false]+.MuiInputBase-formControl .emotion-3:focus::-moz-placeholder {
  opacity: 0.42;
}

label[data-shrink=false]+.MuiInputBase-formControl .emotion-3:focus:-ms-input-placeholder {
  opacity: 0.42;
}

label[data-shrink=false]+.MuiInputBase-formControl .emotion-3:focus::-ms-input-placeholder {
  opacity: 0.42;
}

.emotion-3.Mui-disabled {
  opacity: 1;
  -webkit-text-fill-color: rgba(0, 0, 0, 0.38);
}

.emotion-3:-webkit-autofill {
  -webkit-animation-duration: 5000s;
  animation-duration: 5000s;
  -webkit-animation-name: mui-auto-fill;
  animation-name: mui-auto-fill;
}

.emotion-3:-webkit-autofill {
  border-radius: inherit;
}

.emotion-4 {
  bottom: 0;
  left: 0;
  position: absolute;
  opacity: 0;
  pointer-events: none;
  width: 100%;
  box-sizing: border-box;
}

.emotion-5 {
  -webkit-user-select: none;
  -moz-user-select: none;
  -ms-user-select: none;
  user-select: none;
  width: 1em;
  height: 1em;
  display: inline-block;
  fill: currentColor;
  -webkit-flex-shrink: 0;
  -ms-flex-negative: 0;
  flex-shrink: 0;
  -webkit-transition: fill 200ms cubic-bezier(0.4, 0, 0.2, 1) 0ms;
  transition: fill 200ms cubic-bezier(0.4, 0, 0.2, 1) 0ms;
  font-size: 1.5rem;
  position: absolute;
  right: 7px;
  top: calc(50% - .5em);
  pointer-events: none;
  color: rgba(0, 0, 0, 0.54);
}

.emotion-5.Mui-disabled {
  color: rgba(0, 0, 0, 0.26);
}

.emotion-6 {
  text-align: left;
  position: absolute;
  bottom: 0;
  right: 0;
  top: -5px;
  left: 0;
  margin: 0;
  padding: 0 8px;
  pointer-events: none;
  border-radius: inherit;
  border-style: solid;
  border-width: 1px;
  overflow: hidden;
  min-width: 0%;
  border-color: rgba(0, 0, 0, 0.23);
}

.emotion-7 {
  float: unset;
  width: auto;
  overflow: hidden;
  padding: 0;
  line-height: 11px;
  -webkit-transition: width 150ms cubic-bezier(0.0, 0, 0.2, 1) 0ms;
  transition: width 150ms cubic-bezier(0.0, 0, 0.2, 1) 0ms;
}

.emotion-8 {
  display: -webkit-inline-box;
  display: -webkit-inline-flex;
  display: -ms-inline-flexbox;
  display: inline-flex;
  border-radius: 4px;
  background-color: white;
}

.emotion-8 .MuiToggleButtonGroup-grouped:not(:first-of-type) {
  margin-left: -1px;
  border-left: 1px solid transparent;
  border-top-left-radius: 0;
  border-bottom-left-radius: 0;
}

.emotion-8 .MuiToggleButtonGroup-grouped:not(:last-of-type) {
  border-top-right-radius: 0;
  border-bottom-right-radius: 0;
}

.emotion-8 .MuiToggleButtonGroup-grouped.Mui-selected+.MuiToggleButtonGroup-grouped.Mui-selected {
  border-left: 0;
  margin-left: 0;
}

.emotion-9 {
  display: -webkit-inline-box;
  display: -webkit-inline-flex;
  display: -ms-inline-flexbox;
  display: inline-flex;
  -webkit-align-items: center;
  -webkit-box-align: center;
  -ms-flex-align: center;
  align-items: center;
  -webkit-box-pack: center;
  -ms-flex-pack: center;
  -webkit-justify-content: center;
  justify-content: center;
  position: relative;
  box-sizing: border-box;
  -webkit-tap-highlight-color: transparent;
  background-color: transparent;
  outline: 0;
  border: 0;
  margin: 0;
  border-radius: 0;
  padding: 0;
  cursor: pointer;
  -webkit-user-select: none;
  -moz-user-select: none;
  -ms-user-select: none;
  user-select: none;
  vertical-align: middle;
  -moz-appearance: none;
  -webkit-appearance: none;
  -webkit-text-decoration: none;
  text-decoration: none;
  color: inherit;
  font-family: "Roboto","Helvetica","Arial",sans-serif;
  font-weight: 500;
  font-size: 0.875rem;
  line-height: 1.75;
  letter-spacing: 0.02857em;
  text-transform: uppercase;
  border-radius: 4px;
  padding: 11px;
  border: 1px solid rgba(0, 0, 0, 0.12);
  color: rgba(0, 0, 0, 0.54);
}

.emotion-9::-moz-focus-inner {
  border-style: none;
}

.emotion-9.Mui-disabled {
  pointer-events: none;
  cursor: default;
}

@media print {
  .emotion-9 {
    -webkit-print-color-adjust: exact;
    color-adjust: exact;
  }
}

.emotion-9.Mui-disabled {
  color: rgba(0, 0, 0, 0.26);
  border: 1px solid rgba(0, 0, 0, 0.12);
}

.emotion-9:hover {
  -webkit-text-decoration: none;
  text-decoration: none;
  background-color: rgba(0, 0, 0, 0.04);
}

@media (hover: none) {
  .emotion-9:hover {
    background-color: transparent;
  }
}

.emotion-9.Mui-selected {
  color: #2e7d32;
  background-color: rgba(46, 125, 50, 0.08);
}

.emotion-9.Mui-selected:hover {
  background-color: rgba(46, 125, 50, 0.12);
}

@media (hover: none) {
  .emotion-9.Mui-selected:hover {
    background-color: rgba(46, 125, 50, 0.08);
  }
}

.emotion-10 {
  -webkit-user-select: none;
  -moz-user-select: none;
  -ms-user-select: none;
  user-select: none;
  width: 1em;
  height: 1em;
  display: inline-block;
  fill: currentColor;
  -webkit-flex-shrink: 0;
  -ms-flex-negative: 0;
  flex-shrink: 0;
  -webkit-transition: fill 200ms cubic-bezier(0.4, 0, 0.2, 1) 0ms;
  transition: fill 200ms cubic-bezier(0.4, 0, 0.2, 1) 0ms;
  font-size: 1.5rem;
}

.emotion-11 {
  overflow: hidden;
  pointer-events: none;
  position: absolute;
  z-index: 0;
  top: 0;
  right: 0;
  bottom: 0;
  left: 0;
  border-radius: inherit;
}

<body>
    <div>
      <div
        class="treelistheader"
      >
        <div
          class="treelistheader__section"
        >
          <div
            class="treelistheader__section-item"
          >
            <div
              class="MuiFormControl-root emotion-0"
            >
              <div
                class="searchbar"
                style="border-radius: 4px; font-size: large;"
              >
                <label
                  for="searchbar"
                >
                  <svg
                    aria-hidden="true"
                    class="MuiSvgIcon-root MuiSvgIcon-fontSizeMedium emotion-1"
                    data-testid="SearchIcon"
                    focusable="false"
                    viewBox="0 0 24 24"
                  >
                    <path
                      d="M15.5 14h-.79l-.28-.27C15.41 12.59 16 11.11 16 9.5 16 5.91 13.09 3 9.5 3S3 5.91 3 9.5 5.91 16 9.5 16c1.61 0 3.09-.59 4.23-1.57l.27.28v.79l5 4.99L20.49 19l-4.99-5zm-6 0C7.01 14 5 11.99 5 9.5S7.01 5 9.5 5 14 7.01 14 9.5 11.99 14 9.5 14z"
                    />
                  </svg>
                </label>
                <input
                  class="searchbar__input"
                  id="searchbar"
                  placeholder="Search trees"
                  style="border-radius: 4px; width: 100%;"
                  value="Apple"
                />
              </div>
            </div>
          </div>
          <div
            class="treelistheader__section-item"
          >
            <div
              class="MuiInputBase-root MuiOutlinedInput-root MuiInputBase-colorPrimary MuiInputBase-sizeSmall treelistheader__section-data-select emotion-2"
              mb="0"
              mt="0"
            >
              <div
                aria-expanded="false"
                aria-haspopup="listbox"
                aria-labelledby="data-select-label data-select"
                class="MuiSelect-select MuiSelect-outlined MuiInputBase-input MuiOutlinedInput-input MuiInputBase-inputSizeSmall emotion-3"
                id="data-select"
                role="button"
                tabindex="0"
              >
                Native California Trees
              </div>
              <input
                aria-hidden="true"
                class="MuiSelect-nativeInput emotion-4"
                tabindex="-1"
                value="0"
              />
              <svg
                aria-hidden="true"
                class="MuiSvgIcon-root MuiSvgIcon-fontSizeMedium MuiSelect-icon MuiSelect-iconOutlined emotion-5"
                data-testid="ArrowDropDownIcon"
                focusable="false"
                viewBox="0 0 24 24"
              >
                <path
                  d="M7 10l5 5 5-5z"
                />
              </svg>
              <fieldset
                aria-hidden="true"
                class="MuiOutlinedInput-notchedOutline emotion-6"
              >
                <legend
                  class="emotion-7"
                >
                  <span
                    class="notranslate"
                  >
                    ​
                  </span>
                </legend>
              </fieldset>
            </div>
          </div>
          <div
            class="treelistheader__section-item-toggle"
          >
            <div
              class="MuiToggleButtonGroup-root emotion-8"
              role="group"
            >
              <button
                aria-label="list"
                aria-pressed="false"
                class="MuiButtonBase-root MuiToggleButton-root MuiToggleButton-sizeMedium MuiToggleButton-success MuiToggleButtonGroup-grouped MuiToggleButtonGroup-groupedHorizontal emotion-9"
                tabindex="0"
                type="button"
                value="list"
              >
                <svg
                  aria-hidden="true"
                  class="MuiSvgIcon-root MuiSvgIcon-fontSizeMedium emotion-10"
                  data-testid="ViewListIcon"
                  focusable="false"
                  viewBox="0 0 24 24"
                >
                  <path
                    d="M3 14h4v-4H3v4zm0 5h4v-4H3v4zM3 9h4V5H3v4zm5 5h13v-4H8v4zm0 5h13v-4H8v4zM8 5v4h13V5H8z"
                  />
                </svg>
                <span
                  class="MuiTouchRipple-root emotion-11"
                />
              </button>
              <button
                aria-label="card"
                aria-pressed="true"
                class="MuiButtonBase-root MuiToggleButton-root Mui-selected MuiToggleButton-sizeMedium MuiToggleButton-success MuiToggleButtonGroup-grouped MuiToggleButtonGroup-groupedHorizontal emotion-9"
                tabindex="0"
                type="button"
                value="card"
              >
                <svg
                  aria-hidden="true"
                  class="MuiSvgIcon-root MuiSvgIcon-fontSizeMedium emotion-10"
                  data-testid="ViewModuleIcon"
                  focusable="false"
                  viewBox="0 0 24 24"
                >
                  <path
                    d="M14.67 5v6.5H9.33V5h5.34zm1 6.5H21V5h-5.33v6.5zm-1 7.5v-6.5H9.33V19h5.34zm1-6.5V19H21v-6.5h-5.33zm-7.34 0H3V19h5.33v-6.5zm0-1V5H3v6.5h5.33z"
                  />
                </svg>
                <span
                  class="MuiTouchRipple-root emotion-11"
                />
              </button>
            </div>
          </div>
        </div>
        <div
          class="treelistfilters"
        >
          <div
            class="treelistfilters__filter"
          >
            <h3
              class="treelistfilters__filter-title"
            >
              Height
              :
            </h3>
            <div
              class="treelistfilters__filter-item"
            >
              <label
                class="treelistfilters__filter-item-label"
              >
                <input
                  class="treelistfilters__filter-item-checkbox"
                  name="small"
                  type="checkbox"
                />
                small
              </label>
              <label
                class="treelistfilters__filter-item-label"
              >
                <input
                  class="treelistfilters__filter-item-checkbox"
                  name="medium"
                  type="checkbox"
                />
                medium
              </label>
              <label
                class="treelistfilters__filter-item-label"
              >
                <input
                  class="treelistfilters__filter-item-checkbox"
                  name="large"
                  type="checkbox"
                />
                large
              </label>
            </div>
          </div>
          <div
            class="treelistfilters__filter"
          >
            <h3
              class="treelistfilters__filter-title"
            >
              Type
              :
            </h3>
            <div
              class="treelistfilters__filter-item"
            >
              <label
                class="treelistfilters__filter-item-label"
              >
                <input
                  class="treelistfilters__filter-item-checkbox"
                  name="evergreen"
                  type="checkbox"
                />
                evergreen
              </label>
              <label
                class="treelistfilters__filter-item-label"
              >
                <input
                  class="treelistfilters__filter-item-checkbox"
                  name="deciduous"
                  type="checkbox"
                />
                deciduous
              </label>
            </div>
          </div>
        </div>
      </div>
    </div>
  </body>,
  "container": .emotion-0 {
  display: -webkit-inline-box;
  display: -webkit-inline-flex;
  display: -ms-inline-flexbox;
  display: inline-flex;
  -webkit-flex-direction: column;
  -ms-flex-direction: column;
  flex-direction: column;
  position: relative;
  min-width: 0;
  padding: 0;
  margin: 0;
  border: 0;
  vertical-align: top;
}

.emotion-1 {
  -webkit-user-select: none;
  -moz-user-select: none;
  -ms-user-select: none;
  user-select: none;
  width: 1em;
  height: 1em;
  display: inline-block;
  fill: currentColor;
  -webkit-flex-shrink: 0;
  -ms-flex-negative: 0;
  flex-shrink: 0;
  -webkit-transition: fill 200ms cubic-bezier(0.4, 0, 0.2, 1) 0ms;
  transition: fill 200ms cubic-bezier(0.4, 0, 0.2, 1) 0ms;
  font-size: 1.5rem;
  font-size: 24px;
  margin-left: 10px;
  margin-right: 10px;
  font-family: Montserrat;
}

.emotion-2 {
  font-family: "Roboto","Helvetica","Arial",sans-serif;
  font-weight: 400;
  font-size: 1rem;
  line-height: 1.4375em;
  letter-spacing: 0.00938em;
  color: rgba(0, 0, 0, 0.87);
  box-sizing: border-box;
  position: relative;
  cursor: text;
  display: -webkit-inline-box;
  display: -webkit-inline-flex;
  display: -ms-inline-flexbox;
  display: inline-flex;
  -webkit-align-items: center;
  -webkit-box-align: center;
  -ms-flex-align: center;
  align-items: center;
  position: relative;
  border-radius: 4px;
}

.emotion-2.Mui-disabled {
  color: rgba(0, 0, 0, 0.38);
  cursor: default;
}

.emotion-2:hover .MuiOutlinedInput-notchedOutline {
  border-color: rgba(0, 0, 0, 0.87);
}

@media (hover: none) {
  .emotion-2:hover .MuiOutlinedInput-notchedOutline {
    border-color: rgba(0, 0, 0, 0.23);
  }
}

.emotion-2.Mui-focused .MuiOutlinedInput-notchedOutline {
  border-color: #1976d2;
  border-width: 2px;
}

.emotion-2.Mui-error .MuiOutlinedInput-notchedOutline {
  border-color: #d32f2f;
}

.emotion-2.Mui-disabled .MuiOutlinedInput-notchedOutline {
  border-color: rgba(0, 0, 0, 0.26);
}

.emotion-3 {
  -moz-appearance: none;
  -webkit-appearance: none;
  -webkit-user-select: none;
  -moz-user-select: none;
  -ms-user-select: none;
  user-select: none;
  border-radius: 4px;
  cursor: pointer;
  font: inherit;
  letter-spacing: inherit;
  color: currentColor;
  padding: 4px 0 5px;
  border: 0;
  box-sizing: content-box;
  background: none;
  height: 1.4375em;
  margin: 0;
  -webkit-tap-highlight-color: transparent;
  display: block;
  min-width: 0;
  width: 100%;
  -webkit-animation-name: mui-auto-fill-cancel;
  animation-name: mui-auto-fill-cancel;
  -webkit-animation-duration: 10ms;
  animation-duration: 10ms;
  padding-top: 1px;
  padding: 8.5px 14px;
}

.emotion-3:focus {
  border-radius: 4px;
}

.emotion-3::-ms-expand {
  display: none;
}

.emotion-3.Mui-disabled {
  cursor: default;
}

.emotion-3[multiple] {
  height: auto;
}

.emotion-3:not([multiple]) option,
.emotion-3:not([multiple]) optgroup {
  background-color: #fff;
}

.emotion-3.emotion-3.emotion-3 {
  padding-right: 32px;
}

.emotion-3.MuiSelect-select {
  height: auto;
  min-height: 1.4375em;
  text-overflow: ellipsis;
  white-space: nowrap;
  overflow: hidden;
}

.emotion-3::-webkit-input-placeholder {
  color: currentColor;
  opacity: 0.42;
  -webkit-transition: opacity 200ms cubic-bezier(0.4, 0, 0.2, 1) 0ms;
  transition: opacity 200ms cubic-bezier(0.4, 0, 0.2, 1) 0ms;
}

.emotion-3::-moz-placeholder {
  color: currentColor;
  opacity: 0.42;
  -webkit-transition: opacity 200ms cubic-bezier(0.4, 0, 0.2, 1) 0ms;
  transition: opacity 200ms cubic-bezier(0.4, 0, 0.2, 1) 0ms;
}

.emotion-3:-ms-input-placeholder {
  color: currentColor;
  opacity: 0.42;
  -webkit-transition: opacity 200ms cubic-bezier(0.4, 0, 0.2, 1) 0ms;
  transition: opacity 200ms cubic-bezier(0.4, 0, 0.2, 1) 0ms;
}

.emotion-3::-ms-input-placeholder {
  color: currentColor;
  opacity: 0.42;
  -webkit-transition: opacity 200ms cubic-bezier(0.4, 0, 0.2, 1) 0ms;
  transition: opacity 200ms cubic-bezier(0.4, 0, 0.2, 1) 0ms;
}

.emotion-3:focus {
  outline: 0;
}

.emotion-3:invalid {
  box-shadow: none;
}

.emotion-3::-webkit-search-decoration {
  -webkit-appearance: none;
}

label[data-shrink=false]+.MuiInputBase-formControl .emotion-3::-webkit-input-placeholder {
  opacity: 0!important;
}

label[data-shrink=false]+.MuiInputBase-formControl .emotion-3::-moz-placeholder {
  opacity: 0!important;
}

label[data-shrink=false]+.MuiInputBase-formControl .emotion-3:-ms-input-placeholder {
  opacity: 0!important;
}

label[data-shrink=false]+.MuiInputBase-formControl .emotion-3::-ms-input-placeholder {
  opacity: 0!important;
}

label[data-shrink=false]+.MuiInputBase-formControl .emotion-3:focus::-webkit-input-placeholder {
  opacity: 0.42;
}

label[data-shrink=false]+.MuiInputBase-formControl .emotion-3:focus::-moz-placeholder {
  opacity: 0.42;
}

label[data-shrink=false]+.MuiInputBase-formControl .emotion-3:focus:-ms-input-placeholder {
  opacity: 0.42;
}

label[data-shrink=false]+.MuiInputBase-formControl .emotion-3:focus::-ms-input-placeholder {
  opacity: 0.42;
}

.emotion-3.Mui-disabled {
  opacity: 1;
  -webkit-text-fill-color: rgba(0, 0, 0, 0.38);
}

.emotion-3:-webkit-autofill {
  -webkit-animation-duration: 5000s;
  animation-duration: 5000s;
  -webkit-animation-name: mui-auto-fill;
  animation-name: mui-auto-fill;
}

.emotion-3:-webkit-autofill {
  border-radius: inherit;
}

.emotion-4 {
  bottom: 0;
  left: 0;
  position: absolute;
  opacity: 0;
  pointer-events: none;
  width: 100%;
  box-sizing: border-box;
}

.emotion-5 {
  -webkit-user-select: none;
  -moz-user-select: none;
  -ms-user-select: none;
  user-select: none;
  width: 1em;
  height: 1em;
  display: inline-block;
  fill: currentColor;
  -webkit-flex-shrink: 0;
  -ms-flex-negative: 0;
  flex-shrink: 0;
  -webkit-transition: fill 200ms cubic-bezier(0.4, 0, 0.2, 1) 0ms;
  transition: fill 200ms cubic-bezier(0.4, 0, 0.2, 1) 0ms;
  font-size: 1.5rem;
  position: absolute;
  right: 7px;
  top: calc(50% - .5em);
  pointer-events: none;
  color: rgba(0, 0, 0, 0.54);
}

.emotion-5.Mui-disabled {
  color: rgba(0, 0, 0, 0.26);
}

.emotion-6 {
  text-align: left;
  position: absolute;
  bottom: 0;
  right: 0;
  top: -5px;
  left: 0;
  margin: 0;
  padding: 0 8px;
  pointer-events: none;
  border-radius: inherit;
  border-style: solid;
  border-width: 1px;
  overflow: hidden;
  min-width: 0%;
  border-color: rgba(0, 0, 0, 0.23);
}

.emotion-7 {
  float: unset;
  width: auto;
  overflow: hidden;
  padding: 0;
  line-height: 11px;
  -webkit-transition: width 150ms cubic-bezier(0.0, 0, 0.2, 1) 0ms;
  transition: width 150ms cubic-bezier(0.0, 0, 0.2, 1) 0ms;
}

.emotion-8 {
  display: -webkit-inline-box;
  display: -webkit-inline-flex;
  display: -ms-inline-flexbox;
  display: inline-flex;
  border-radius: 4px;
  background-color: white;
}

.emotion-8 .MuiToggleButtonGroup-grouped:not(:first-of-type) {
  margin-left: -1px;
  border-left: 1px solid transparent;
  border-top-left-radius: 0;
  border-bottom-left-radius: 0;
}

.emotion-8 .MuiToggleButtonGroup-grouped:not(:last-of-type) {
  border-top-right-radius: 0;
  border-bottom-right-radius: 0;
}

.emotion-8 .MuiToggleButtonGroup-grouped.Mui-selected+.MuiToggleButtonGroup-grouped.Mui-selected {
  border-left: 0;
  margin-left: 0;
}

.emotion-9 {
  display: -webkit-inline-box;
  display: -webkit-inline-flex;
  display: -ms-inline-flexbox;
  display: inline-flex;
  -webkit-align-items: center;
  -webkit-box-align: center;
  -ms-flex-align: center;
  align-items: center;
  -webkit-box-pack: center;
  -ms-flex-pack: center;
  -webkit-justify-content: center;
  justify-content: center;
  position: relative;
  box-sizing: border-box;
  -webkit-tap-highlight-color: transparent;
  background-color: transparent;
  outline: 0;
  border: 0;
  margin: 0;
  border-radius: 0;
  padding: 0;
  cursor: pointer;
  -webkit-user-select: none;
  -moz-user-select: none;
  -ms-user-select: none;
  user-select: none;
  vertical-align: middle;
  -moz-appearance: none;
  -webkit-appearance: none;
  -webkit-text-decoration: none;
  text-decoration: none;
  color: inherit;
  font-family: "Roboto","Helvetica","Arial",sans-serif;
  font-weight: 500;
  font-size: 0.875rem;
  line-height: 1.75;
  letter-spacing: 0.02857em;
  text-transform: uppercase;
  border-radius: 4px;
  padding: 11px;
  border: 1px solid rgba(0, 0, 0, 0.12);
  color: rgba(0, 0, 0, 0.54);
}

.emotion-9::-moz-focus-inner {
  border-style: none;
}

.emotion-9.Mui-disabled {
  pointer-events: none;
  cursor: default;
}

@media print {
  .emotion-9 {
    -webkit-print-color-adjust: exact;
    color-adjust: exact;
  }
}

.emotion-9.Mui-disabled {
  color: rgba(0, 0, 0, 0.26);
  border: 1px solid rgba(0, 0, 0, 0.12);
}

.emotion-9:hover {
  -webkit-text-decoration: none;
  text-decoration: none;
  background-color: rgba(0, 0, 0, 0.04);
}

@media (hover: none) {
  .emotion-9:hover {
    background-color: transparent;
  }
}

.emotion-9.Mui-selected {
  color: #2e7d32;
  background-color: rgba(46, 125, 50, 0.08);
}

.emotion-9.Mui-selected:hover {
  background-color: rgba(46, 125, 50, 0.12);
}

@media (hover: none) {
  .emotion-9.Mui-selected:hover {
    background-color: rgba(46, 125, 50, 0.08);
  }
}

.emotion-10 {
  -webkit-user-select: none;
  -moz-user-select: none;
  -ms-user-select: none;
  user-select: none;
  width: 1em;
  height: 1em;
  display: inline-block;
  fill: currentColor;
  -webkit-flex-shrink: 0;
  -ms-flex-negative: 0;
  flex-shrink: 0;
  -webkit-transition: fill 200ms cubic-bezier(0.4, 0, 0.2, 1) 0ms;
  transition: fill 200ms cubic-bezier(0.4, 0, 0.2, 1) 0ms;
  font-size: 1.5rem;
}

.emotion-11 {
  overflow: hidden;
  pointer-events: none;
  position: absolute;
  z-index: 0;
  top: 0;
  right: 0;
  bottom: 0;
  left: 0;
  border-radius: inherit;
}

<div>
    <div
      class="treelistheader"
    >
      <div
        class="treelistheader__section"
      >
        <div
          class="treelistheader__section-item"
        >
          <div
            class="MuiFormControl-root emotion-0"
          >
            <div
              class="searchbar"
              style="border-radius: 4px; font-size: large;"
            >
              <label
                for="searchbar"
              >
                <svg
                  aria-hidden="true"
                  class="MuiSvgIcon-root MuiSvgIcon-fontSizeMedium emotion-1"
                  data-testid="SearchIcon"
                  focusable="false"
                  viewBox="0 0 24 24"
                >
                  <path
                    d="M15.5 14h-.79l-.28-.27C15.41 12.59 16 11.11 16 9.5 16 5.91 13.09 3 9.5 3S3 5.91 3 9.5 5.91 16 9.5 16c1.61 0 3.09-.59 4.23-1.57l.27.28v.79l5 4.99L20.49 19l-4.99-5zm-6 0C7.01 14 5 11.99 5 9.5S7.01 5 9.5 5 14 7.01 14 9.5 11.99 14 9.5 14z"
                  />
                </svg>
              </label>
              <input
                class="searchbar__input"
                id="searchbar"
                placeholder="Search trees"
                style="border-radius: 4px; width: 100%;"
                value="Apple"
              />
            </div>
          </div>
        </div>
        <div
          class="treelistheader__section-item"
        >
          <div
            class="MuiInputBase-root MuiOutlinedInput-root MuiInputBase-colorPrimary MuiInputBase-sizeSmall treelistheader__section-data-select emotion-2"
            mb="0"
            mt="0"
          >
            <div
              aria-expanded="false"
              aria-haspopup="listbox"
              aria-labelledby="data-select-label data-select"
              class="MuiSelect-select MuiSelect-outlined MuiInputBase-input MuiOutlinedInput-input MuiInputBase-inputSizeSmall emotion-3"
              id="data-select"
              role="button"
              tabindex="0"
            >
              Native California Trees
            </div>
            <input
              aria-hidden="true"
              class="MuiSelect-nativeInput emotion-4"
              tabindex="-1"
              value="0"
            />
            <svg
              aria-hidden="true"
              class="MuiSvgIcon-root MuiSvgIcon-fontSizeMedium MuiSelect-icon MuiSelect-iconOutlined emotion-5"
              data-testid="ArrowDropDownIcon"
              focusable="false"
              viewBox="0 0 24 24"
            >
              <path
                d="M7 10l5 5 5-5z"
              />
            </svg>
            <fieldset
              aria-hidden="true"
              class="MuiOutlinedInput-notchedOutline emotion-6"
            >
              <legend
                class="emotion-7"
              >
                <span
                  class="notranslate"
                >
                  ​
                </span>
              </legend>
            </fieldset>
          </div>
        </div>
        <div
          class="treelistheader__section-item-toggle"
        >
          <div
            class="MuiToggleButtonGroup-root emotion-8"
            role="group"
          >
            <button
              aria-label="list"
              aria-pressed="false"
              class="MuiButtonBase-root MuiToggleButton-root MuiToggleButton-sizeMedium MuiToggleButton-success MuiToggleButtonGroup-grouped MuiToggleButtonGroup-groupedHorizontal emotion-9"
              tabindex="0"
              type="button"
              value="list"
            >
              <svg
                aria-hidden="true"
                class="MuiSvgIcon-root MuiSvgIcon-fontSizeMedium emotion-10"
                data-testid="ViewListIcon"
                focusable="false"
                viewBox="0 0 24 24"
              >
                <path
                  d="M3 14h4v-4H3v4zm0 5h4v-4H3v4zM3 9h4V5H3v4zm5 5h13v-4H8v4zm0 5h13v-4H8v4zM8 5v4h13V5H8z"
                />
              </svg>
              <span
                class="MuiTouchRipple-root emotion-11"
              />
            </button>
            <button
              aria-label="card"
              aria-pressed="true"
              class="MuiButtonBase-root MuiToggleButton-root Mui-selected MuiToggleButton-sizeMedium MuiToggleButton-success MuiToggleButtonGroup-grouped MuiToggleButtonGroup-groupedHorizontal emotion-9"
              tabindex="0"
              type="button"
              value="card"
            >
              <svg
                aria-hidden="true"
                class="MuiSvgIcon-root MuiSvgIcon-fontSizeMedium emotion-10"
                data-testid="ViewModuleIcon"
                focusable="false"
                viewBox="0 0 24 24"
              >
                <path
                  d="M14.67 5v6.5H9.33V5h5.34zm1 6.5H21V5h-5.33v6.5zm-1 7.5v-6.5H9.33V19h5.34zm1-6.5V19H21v-6.5h-5.33zm-7.34 0H3V19h5.33v-6.5zm0-1V5H3v6.5h5.33z"
                />
              </svg>
              <span
                class="MuiTouchRipple-root emotion-11"
              />
            </button>
          </div>
        </div>
      </div>
      <div
        class="treelistfilters"
      >
        <div
          class="treelistfilters__filter"
        >
          <h3
            class="treelistfilters__filter-title"
          >
            Height
            :
          </h3>
          <div
            class="treelistfilters__filter-item"
          >
            <label
              class="treelistfilters__filter-item-label"
            >
              <input
                class="treelistfilters__filter-item-checkbox"
                name="small"
                type="checkbox"
              />
              small
            </label>
            <label
              class="treelistfilters__filter-item-label"
            >
              <input
                class="treelistfilters__filter-item-checkbox"
                name="medium"
                type="checkbox"
              />
              medium
            </label>
            <label
              class="treelistfilters__filter-item-label"
            >
              <input
                class="treelistfilters__filter-item-checkbox"
                name="large"
                type="checkbox"
              />
              large
            </label>
          </div>
        </div>
        <div
          class="treelistfilters__filter"
        >
          <h3
            class="treelistfilters__filter-title"
          >
            Type
            :
          </h3>
          <div
            class="treelistfilters__filter-item"
          >
            <label
              class="treelistfilters__filter-item-label"
            >
              <input
                class="treelistfilters__filter-item-checkbox"
                name="evergreen"
                type="checkbox"
              />
              evergreen
            </label>
            <label
              class="treelistfilters__filter-item-label"
            >
              <input
                class="treelistfilters__filter-item-checkbox"
                name="deciduous"
                type="checkbox"
              />
              deciduous
            </label>
          </div>
        </div>
      </div>
    </div>
  </div>,
  "debug": [Function],
  "findAllByAltText": [Function],
  "findAllByDisplayValue": [Function],
  "findAllByLabelText": [Function],
  "findAllByPlaceholderText": [Function],
  "findAllByRole": [Function],
  "findAllByTestId": [Function],
  "findAllByText": [Function],
  "findAllByTitle": [Function],
  "findByAltText": [Function],
  "findByDisplayValue": [Function],
  "findByLabelText": [Function],
  "findByPlaceholderText": [Function],
  "findByRole": [Function],
  "findByTestId": [Function],
  "findByText": [Function],
  "findByTitle": [Function],
  "getAllByAltText": [Function],
  "getAllByDisplayValue": [Function],
  "getAllByLabelText": [Function],
  "getAllByPlaceholderText": [Function],
  "getAllByRole": [Function],
  "getAllByTestId": [Function],
  "getAllByText": [Function],
  "getAllByTitle": [Function],
  "getByAltText": [Function],
  "getByDisplayValue": [Function],
  "getByLabelText": [Function],
  "getByPlaceholderText": [Function],
  "getByRole": [Function],
  "getByTestId": [Function],
  "getByText": [Function],
  "getByTitle": [Function],
  "queryAllByAltText": [Function],
  "queryAllByDisplayValue": [Function],
  "queryAllByLabelText": [Function],
  "queryAllByPlaceholderText": [Function],
  "queryAllByRole": [Function],
  "queryAllByTestId": [Function],
  "queryAllByText": [Function],
  "queryAllByTitle": [Function],
  "queryByAltText": [Function],
  "queryByDisplayValue": [Function],
  "queryByLabelText": [Function],
  "queryByPlaceholderText": [Function],
  "queryByRole": [Function],
  "queryByTestId": [Function],
  "queryByText": [Function],
  "queryByTitle": [Function],
  "rerender": [Function],
  "unmount": [Function],
}
`;
